[0m10:55:26.972557 [debug] [MainThread]: Sending event: {'category': 'dbt', 'action': 'invocation', 'label': 'start', 'context': [<snowplow_tracker.self_describing_json.SelfDescribingJson object at 0x000001CD31F1AB70>, <snowplow_tracker.self_describing_json.SelfDescribingJson object at 0x000001CD357EFD70>, <snowplow_tracker.self_describing_json.SelfDescribingJson object at 0x000001CD356A20C0>]}


============================== 10:55:27.017069 | aaa623d8-3fd6-4878-a68e-baf86778f128 ==============================
[0m10:55:27.017069 [info ] [MainThread]: Running with dbt=1.10.13
[0m10:55:27.018068 [debug] [MainThread]: running dbt with arguments {'partial_parse': 'True', 'static_parser': 'True', 'send_anonymous_usage_stats': 'True', 'warn_error': 'None', 'cache_selected_only': 'False', 'target_path': 'None', 'version_check': 'True', 'invocation_command': 'dbt init ecommerce_project', 'log_format': 'default', 'use_colors': 'True', 'introspect': 'True', 'debug': 'False', 'printer_width': '80', 'fail_fast': 'False', 'no_print': 'None', 'use_experimental_parser': 'False', 'empty': 'None', 'log_cache_events': 'False', 'quiet': 'False', 'indirect_selection': 'eager', 'log_path': 'logs', 'write_json': 'True', 'warn_error_options': 'WarnErrorOptionsV2(error=[], warn=[], silence=[])', 'profiles_dir': 'C:\\Users\\UsEr\\.dbt'}
[0m10:55:27.837785 [info ] [MainThread]: Creating dbt configuration folder at C:\Users\UsEr\.dbt
[0m10:55:27.885504 [debug] [MainThread]: Starter project path: C:\Users\UsEr\Documents\Tugas_kuliah\DE_project\e2e_analytics\.venv\Lib\site-packages\dbt\include\starter_project
[0m10:55:28.028367 [info ] [MainThread]: 
Your new dbt project "ecommerce_project" was created!

For more information on how to configure the profiles.yml file,
please consult the dbt documentation here:

  https://docs.getdbt.com/docs/configure-your-profile

One more thing:

Need help? Don't hesitate to reach out to us via GitHub issues or on Slack:

  https://community.getdbt.com/

Happy modeling!

[0m10:55:28.037537 [info ] [MainThread]: Setting up your profile.
[0m11:20:27.726176 [info ] [MainThread]: Profile ecommerce_project written to C:\Users\UsEr\.dbt\profiles.yml using target's profile_template.yml and your supplied values. Run 'dbt debug' to validate the connection.
[0m11:20:27.728175 [debug] [MainThread]: Command `dbt init` succeeded at 11:20:27.727140 after 1501.15 seconds
[0m11:20:27.728175 [debug] [MainThread]: Sending event: {'category': 'dbt', 'action': 'invocation', 'label': 'end', 'context': [<snowplow_tracker.self_describing_json.SelfDescribingJson object at 0x000001CD35FC2F30>, <snowplow_tracker.self_describing_json.SelfDescribingJson object at 0x000001CD3629C4D0>, <snowplow_tracker.self_describing_json.SelfDescribingJson object at 0x000001CD368A3D70>]}
[0m11:20:27.729141 [debug] [MainThread]: Flushing usage events
[0m11:20:29.802136 [debug] [MainThread]: An error was encountered while trying to flush usage events
[0m11:20:50.114957 [debug] [MainThread]: Sending event: {'category': 'dbt', 'action': 'invocation', 'label': 'start', 'context': [<snowplow_tracker.self_describing_json.SelfDescribingJson object at 0x000001DD509C1190>, <snowplow_tracker.self_describing_json.SelfDescribingJson object at 0x000001DD504C4650>, <snowplow_tracker.self_describing_json.SelfDescribingJson object at 0x000001DD5204D3D0>]}


============================== 11:20:50.137282 | f2e15ac2-dfb6-4801-9b3f-154da765ccf1 ==============================
[0m11:20:50.137282 [info ] [MainThread]: Running with dbt=1.10.13
[0m11:20:50.137282 [debug] [MainThread]: running dbt with arguments {'partial_parse': 'True', 'static_parser': 'True', 'send_anonymous_usage_stats': 'True', 'version_check': 'True', 'cache_selected_only': 'False', 'target_path': 'None', 'use_colors': 'True', 'invocation_command': 'dbt debug', 'log_format': 'default', 'warn_error': 'None', 'introspect': 'True', 'debug': 'False', 'log_cache_events': 'False', 'fail_fast': 'False', 'no_print': 'None', 'use_experimental_parser': 'False', 'empty': 'None', 'quiet': 'False', 'printer_width': '80', 'indirect_selection': 'eager', 'log_path': 'logs', 'write_json': 'True', 'warn_error_options': 'WarnErrorOptionsV2(error=[], warn=[], silence=[])', 'profiles_dir': 'C:\\Users\\UsEr\\.dbt'}
[0m11:20:50.216494 [info ] [MainThread]: dbt version: 1.10.13
[0m11:20:50.216494 [info ] [MainThread]: python version: 3.12.10
[0m11:20:50.220493 [info ] [MainThread]: python path: C:\Users\UsEr\Documents\Tugas_kuliah\DE_project\e2e_analytics\.venv\Scripts\python.exe
[0m11:20:50.220493 [info ] [MainThread]: os info: Windows-10-10.0.19045-SP0
[0m11:20:50.321493 [info ] [MainThread]: Using profiles dir at C:\Users\UsEr\.dbt
[0m11:20:50.321493 [info ] [MainThread]: Using profiles.yml file at C:\Users\UsEr\.dbt\profiles.yml
[0m11:20:50.325492 [info ] [MainThread]: Using dbt_project.yml file at C:\Users\UsEr\Documents\Tugas_kuliah\DE_project\e2e_analytics\dbt\dbt_project.yml
[0m11:20:50.358441 [info ] [MainThread]: adapter type: postgres
[0m11:20:50.362462 [info ] [MainThread]: adapter version: 1.9.1
[0m11:20:50.362462 [info ] [MainThread]: Configuration:
[0m11:20:50.362462 [info ] [MainThread]:   profiles.yml file [[32mOK found and valid[0m]
[0m11:20:50.362462 [info ] [MainThread]:   dbt_project.yml file [[31mERROR not found[0m]
[0m11:20:50.366445 [info ] [MainThread]: Required dependencies:
[0m11:20:50.366445 [debug] [MainThread]: Executing "git --help"
[0m11:20:50.538538 [debug] [MainThread]: STDOUT: "b"usage: git [-v | --version] [-h | --help] [-C <path>] [-c <name>=<value>]\n           [--exec-path[=<path>]] [--html-path] [--man-path] [--info-path]\n           [-p | --paginate | -P | --no-pager] [--no-replace-objects] [--no-lazy-fetch]\n           [--no-optional-locks] [--no-advice] [--bare] [--git-dir=<path>]\n           [--work-tree=<path>] [--namespace=<name>] [--config-env=<name>=<envvar>]\n           <command> [<args>]\n\nThese are common Git commands used in various situations:\n\nstart a working area (see also: git help tutorial)\n   clone      Clone a repository into a new directory\n   init       Create an empty Git repository or reinitialize an existing one\n\nwork on the current change (see also: git help everyday)\n   add        Add file contents to the index\n   mv         Move or rename a file, a directory, or a symlink\n   restore    Restore working tree files\n   rm         Remove files from the working tree and from the index\n\nexamine the history and state (see also: git help revisions)\n   bisect     Use binary search to find the commit that introduced a bug\n   diff       Show changes between commits, commit and working tree, etc\n   grep       Print lines matching a pattern\n   log        Show commit logs\n   show       Show various types of objects\n   status     Show the working tree status\n\ngrow, mark and tweak your common history\n   backfill   Download missing objects in a partial clone\n   branch     List, create, or delete branches\n   commit     Record changes to the repository\n   merge      Join two or more development histories together\n   rebase     Reapply commits on top of another base tip\n   reset      Reset current HEAD to the specified state\n   switch     Switch branches\n   tag        Create, list, delete or verify a tag object signed with GPG\n\ncollaborate (see also: git help workflows)\n   fetch      Download objects and refs from another repository\n   pull       Fetch from and integrate with another repository or a local branch\n   push       Update remote refs along with associated objects\n\n'git help -a' and 'git help -g' list available subcommands and some\nconcept guides. See 'git help <command>' or 'git help <concept>'\nto read about a specific subcommand or concept.\nSee 'git help git' for an overview of the system.\n""
[0m11:20:50.538538 [debug] [MainThread]: STDERR: "b''"
[0m11:20:50.538538 [info ] [MainThread]:  - git [[32mOK found[0m]

[0m11:20:50.542556 [info ] [MainThread]: Connection:
[0m11:20:50.542556 [info ] [MainThread]:   host: localhost
[0m11:20:50.542556 [info ] [MainThread]:   port: 5432
[0m11:20:50.546536 [info ] [MainThread]:   user: postgres
[0m11:20:50.546536 [info ] [MainThread]:   database: ecommerce_dw
[0m11:20:50.546536 [info ] [MainThread]:   schema: dbt_warehouse
[0m11:20:50.546536 [info ] [MainThread]:   connect_timeout: 10
[0m11:20:50.550537 [info ] [MainThread]:   role: None
[0m11:20:50.550537 [info ] [MainThread]:   search_path: None
[0m11:20:50.554540 [info ] [MainThread]:   keepalives_idle: 0
[0m11:20:50.554540 [info ] [MainThread]:   sslmode: None
[0m11:20:50.558534 [info ] [MainThread]:   sslcert: None
[0m11:20:50.558534 [info ] [MainThread]:   sslkey: None
[0m11:20:50.558534 [info ] [MainThread]:   sslrootcert: None
[0m11:20:50.562576 [info ] [MainThread]:   application_name: dbt
[0m11:20:50.562576 [info ] [MainThread]:   retries: 1
[0m11:20:50.562576 [info ] [MainThread]: Registered adapter: postgres=1.9.1
[0m11:20:51.144744 [debug] [MainThread]: Acquiring new postgres connection 'debug'
[0m11:20:56.928594 [debug] [MainThread]: Using postgres connection "debug"
[0m11:20:56.928594 [debug] [MainThread]: On debug: select 1 as id
[0m11:20:56.928594 [debug] [MainThread]: Opening a new connection, currently in state init
[0m11:20:57.112062 [debug] [MainThread]: SQL status: SELECT 1 in 0.187 seconds
[0m11:20:57.120087 [debug] [MainThread]: On debug: Close
[0m11:20:57.120087 [info ] [MainThread]:   Connection test: [[32mOK connection ok[0m]

[0m11:20:57.120087 [info ] [MainThread]: [31m1 check failed:[0m
[0m11:20:57.120087 [info ] [MainThread]: Project loading failed for the following reason:
 project path <C:\Users\UsEr\Documents\Tugas_kuliah\DE_project\e2e_analytics\dbt\dbt_project.yml> not found

[0m11:20:57.120087 [debug] [MainThread]: Command `dbt debug` failed at 11:20:57.120087 after 7.39 seconds
[0m11:20:57.120087 [debug] [MainThread]: Connection 'debug' was properly closed.
[0m11:20:57.120087 [debug] [MainThread]: Sending event: {'category': 'dbt', 'action': 'invocation', 'label': 'end', 'context': [<snowplow_tracker.self_describing_json.SelfDescribingJson object at 0x000001DD4EDC0C80>, <snowplow_tracker.self_describing_json.SelfDescribingJson object at 0x000001DD514CFFB0>, <snowplow_tracker.self_describing_json.SelfDescribingJson object at 0x000001DD519660C0>]}
[0m11:20:57.120087 [debug] [MainThread]: Flushing usage events
[0m11:20:58.928104 [debug] [MainThread]: An error was encountered while trying to flush usage events
